01.12.2024 kl. 19:01:49: [db.inc.php:187] Database error in getUpcomingTasks: SQLSTATE[42000]: Syntax error or access violation: 1305 FUNCTION phplogin.GETDATE does not exist
01.12.2024 kl. 19:01:47: [db.inc.php:187] Database error in getUpcomingTasks: SQLSTATE[42000]: Syntax error or access violation: 1305 FUNCTION phplogin.GETDATE does not exist
29.11.2024 kl. 21:22:11: [update_profile_image.php:39] Kunne ikke legge til profilbilde.
28.11.2024 kl. 08:17:45: [db.inc.php:197] SQL utført: 1
28.11.2024 kl. 08:17:45: [db.inc.php:189] Deaktivering forsøkt: userId=45, taskId=11
28.11.2024 kl. 08:15:34: [process_delete_task.php:49] Oppgave med ID 10 ble deaktivert av bruker 45.
28.11.2024 kl. 08:15:34: [db.inc.php:197] SQL utført: 1
28.11.2024 kl. 08:15:34: [db.inc.php:189] Deaktivering forsøkt: userId=45, taskId=10
28.11.2024 kl. 08:15:34: [process_delete_task.php:23] Øktdata: O:7:"Student":8:{s:5:" * id";i:45;s:8:" * fname";s:9:"Christine";s:8:" * lname";s:6:"Nilsen";s:11:" * username";s:6:"chrnil";s:8:" * email";s:9:"chr@cn.no";s:10:" * regDate";N;s:11:" * password";N;s:7:" * role";s:7:"student";}
28.11.2024 kl. 08:15:06: [process_delete_task.php:49] Oppgave med ID 9 ble deaktivert av bruker 45.
28.11.2024 kl. 08:15:06: [db.inc.php:197] SQL utført: 1
28.11.2024 kl. 08:15:06: [db.inc.php:189] Deaktivering forsøkt: userId=45, taskId=9
28.11.2024 kl. 08:15:06: [process_delete_task.php:23] Øktdata: O:7:"Student":8:{s:5:" * id";i:45;s:8:" * fname";s:9:"Christine";s:8:" * lname";s:6:"Nilsen";s:11:" * username";s:6:"chrnil";s:8:" * email";s:9:"chr@cn.no";s:10:" * regDate";N;s:11:" * password";N;s:7:" * role";s:7:"student";}
28.11.2024 kl. 08:14:07: [process_delete_task.php:49] Oppgave med ID 8 ble deaktivert av bruker 45.
28.11.2024 kl. 08:14:07: [db.inc.php:197] SQL utført: 1
28.11.2024 kl. 08:14:07: [db.inc.php:189] Deaktivering forsøkt: userId=45, taskId=8
28.11.2024 kl. 08:14:07: [process_delete_task.php:23] Øktdata: O:7:"Student":8:{s:5:" * id";i:45;s:8:" * fname";s:9:"Christine";s:8:" * lname";s:6:"Nilsen";s:11:" * username";s:6:"chrnil";s:8:" * email";s:9:"chr@cn.no";s:10:" * regDate";N;s:11:" * password";N;s:7:" * role";s:7:"student";}
28.11.2024 kl. 08:11:07: [process_delete_task.php:49] Oppgave med ID 7 ble deaktivert av bruker 45.
28.11.2024 kl. 08:11:07: [db.inc.php:197] SQL utført: 1
28.11.2024 kl. 08:11:06: [db.inc.php:189] Deaktivering forsøkt: userId=45, taskId=7
28.11.2024 kl. 08:11:06: [process_delete_task.php:23] Øktdata: O:7:"Student":8:{s:5:" * id";i:45;s:8:" * fname";s:9:"Christine";s:8:" * lname";s:6:"Nilsen";s:11:" * username";s:6:"chrnil";s:8:" * email";s:9:"chr@cn.no";s:10:" * regDate";N;s:11:" * password";N;s:7:" * role";s:7:"student";}
28.11.2024 kl. 07:53:05: [process_delete_task.php:49] Oppgave med ID 6 ble deaktivert av bruker 45.
28.11.2024 kl. 07:53:05: [db.inc.php:197] SQL utført: 1
28.11.2024 kl. 07:53:05: [db.inc.php:189] Deaktivering forsøkt: userId=45, taskId=6
28.11.2024 kl. 07:53:05: [process_delete_task.php:23] Øktdata: O:7:"Student":8:{s:5:" * id";i:45;s:8:" * fname";s:9:"Christine";s:8:" * lname";s:6:"Nilsen";s:11:" * username";s:6:"chrnil";s:8:" * email";s:9:"chr@cn.no";s:10:" * regDate";N;s:11:" * password";N;s:7:" * role";s:7:"student";}
28.11.2024 kl. 07:30:38: [process_delete_task.php:53] Kunne ikke deaktivere oppgave med ID 6 for bruker 45.
28.11.2024 kl. 07:30:38: [db.inc.php:200] Database error in deactivateTask: SQLSTATE[01000]: Warning: 1265 Data truncated for column 'status' at row 1
28.11.2024 kl. 07:30:38: [db.inc.php:189] Deaktivering forsøkt: userId=45, taskId=6
28.11.2024 kl. 07:30:38: [process_delete_task.php:23] Øktdata: O:7:"Student":8:{s:5:" * id";i:45;s:8:" * fname";s:9:"Christine";s:8:" * lname";s:6:"Nilsen";s:11:" * username";s:6:"chrnil";s:8:" * email";s:9:"chr@cn.no";s:10:" * regDate";N;s:11:" * password";N;s:7:" * role";s:7:"student";}
28.11.2024 kl. 07:20:08: [process_delete_task.php:26] Finner ikke konto.
28.11.2024 kl. 07:20:08: [process_delete_task.php:20] O:7:"Student":8:{s:5:" * id";i:45;s:8:" * fname";s:9:"Christine";s:8:" * lname";s:6:"Nilsen";s:11:" * username";s:6:"chrnil";s:8:" * email";s:9:"chr@cn.no";s:10:" * regDate";N;s:11:" * password";N;s:7:" * role";s:7:"student";}
28.11.2024 kl. 07:17:33: [process_delete_task.php:24] Finner ikke konto.
28.11.2024 kl. 07:13:02: [db.inc.php:197] SQL utført: 1
28.11.2024 kl. 07:13:02: [db.inc.php:189] Deaktivering forsøkt: userId=45, taskId=45
28.11.2024 kl. 07:11:24: [db.inc.php:197] SQL utført: 1
28.11.2024 kl. 07:11:24: [db.inc.php:189] Deaktivering forsøkt: userId=45, taskId=45
27.11.2024 kl. 20:43:08: [process_delete_task.php:37] Kunne ikke deaktivere oppgave med ID 5 for bruker 2.
27.11.2024 kl. 20:43:08: [db.inc.php:200] Database error in deactivateTask: SQLSTATE[01000]: Warning: 1265 Data truncated for column 'status' at row 1
27.11.2024 kl. 20:38:46: [process_delete_task.php:37] Kunne ikke deaktivere oppgave med ID 5 for bruker 2.
27.11.2024 kl. 20:10:42: [process_delete_task.php:28] Kunne ikke deaktivere oppgave med ID 5.
26.11.2024 kl. 15:21:17: [db.inc.php:45] SQLSTATE[HY000] [1045] Access denied for user 'root'@'localhost' (using password: YES)\n3306
26.11.2024 kl. 15:20:32: [db.inc.php:45] SQLSTATE[HY000] [1045] Access denied for user 'root'@'localhost' (using password: YES)\n3306
26.11.2024 kl. 15:20:08: [db.inc.php:45] SQLSTATE[HY000] [1045] Access denied for user 'root'@'localhost' (using password: YES)\n3306
26.11.2024 kl. 15:19:07: [db.inc.php:45] SQLSTATE[HY000] [1045] Access denied for user 'root'@'localhost' (using password: YES)\n3306
26.11.2024 kl. 15:18:31: [db.inc.php:45] SQLSTATE[HY000] [1045] Access denied for user 'root'@'localhost' (using password: YES)\n3306
26.11.2024 kl. 15:17:15: [db.inc.php:46] SQLSTATE[HY000] [2002] Connection refused\n8889
26.11.2024 kl. 15:16:54: [db.inc.php:46] SQLSTATE[HY000] [2002] Connection refused\n8889
26.11.2024 kl. 15:16:26: [db.inc.php:46] SQLSTATE[HY000] [2002] Connection refused\n8889
26.11.2024 kl. 15:15:55: [db.inc.php:46] SQLSTATE[HY000] [2002] Connection refused\n8889
26.11.2024 kl. 15:15:54: [db.inc.php:46] SQLSTATE[HY000] [2002] Connection refused\n8889
26.11.2024 kl. 15:15:52: [db.inc.php:46] SQLSTATE[HY000] [2002] Connection refused\n8889
26.11.2024 kl. 15:15:46: [db.inc.php:46] SQLSTATE[HY000] [2002] Connection refused\n8889
26.11.2024 kl. 15:15:32: [db.inc.php:46] SQLSTATE[HY000] [1045] Access denied for user 'root'@'localhost' (using password: YES)\n3306
26.11.2024 kl. 15:13:22: [db.inc.php:45] SQLSTATE[HY000] [1045] Access denied for user 'root'@'localhost' (using password: YES)\n3306
26.11.2024 kl. 15:12:49: [db.inc.php:45] SQLSTATE[HY000] [1045] Access denied for user 'root'@'localhost' (using password: YES)\n3306
26.11.2024 kl. 15:12:47: [db.inc.php:45] SQLSTATE[HY000] [1045] Access denied for user 'root'@'localhost' (using password: YES)\n3306
26.11.2024 kl. 15:12:30: [db.inc.php:45] SQLSTATE[HY000] [1045] Access denied for user 'root'@'localhost' (using password: YES)\n3306
26.11.2024 kl. 15:12:15: [db.inc.php:45] SQLSTATE[HY000] [2002] Connection refused\n8889
26.11.2024 kl. 15:09:35: [db.inc.php:45] SQLSTATE[HY000] [1045] Access denied for user 'root'@'localhost' (using password: YES)\n3306
26.11.2024 kl. 15:08:42: [db.inc.php:45] SQLSTATE[HY000] [1045] Access denied for user 'root'@'localhost' (using password: YES)\n3306
26.11.2024 kl. 15:08:19: [db.inc.php:45] SQLSTATE[HY000] [1045] Access denied for user 'root'@'localhost' (using password: YES)
26.11.2024 kl. 14:49:40: [db.inc.php:39] SQLSTATE[HY000] [1045] Access denied for user 'root'@'localhost' (using password: YES)
26.11.2024 kl. 14:49:04: [db.inc.php:39] SQLSTATE[HY000] [1045] Access denied for user 'root'@'localhost' (using password: YES)
26.11.2024 kl. 14:48:53: [db.inc.php:39] SQLSTATE[HY000] [1045] Access denied for user 'root'@'localhost' (using password: YES)
26.11.2024 kl. 14:47:12: [db.inc.php:39] SQLSTATE[HY000] [1045] Access denied for user 'root'@'localhost' (using password: YES)
26.11.2024 kl. 14:46:42: [db.inc.php:39] SQLSTATE[HY000] [1045] Access denied for user 'root'@'localhost' (using password: YES)
26.11.2024 kl. 14:46:17: [db.inc.php:39] SQLSTATE[HY000] [1045] Access denied for user 'root'@'localhost' (using password: YES)
25.11.2024 kl. 10:31:16: [process_add_todo.php:35] Kunne ikke legge til gjøremål.
25.11.2024 kl. 10:30:54: [process_add_todo.php:35] [process_add_todo.php] Kunne ikke legge til gjøremål.
25.11.2024 kl. 10:30:09: [process_delete_todo.php:24] [process_delete_todo.php] Kunne ikke slette gjøremål.
25.11.2024 kl. 10:29:30: [C:\xampp\htdocs\IS-115-Prosjekt\IS115-Cognitio\src\process_delete_todo.php:24] [process_delete_todo.php] Kunne ikke slette gjøremål.
25.11.2024 kl. 10:25:27: [process_delete_todo.php] Kunne ikke slette gjøremål.
25.11.2024 kl. 10:19:08: Kunne ikke legge til gjøremål.
25.11.2024 kl. 10:18:54: Kunne ikke legge til gjøremål.
25.11.2024 kl. 10:18:34: Kunne ikke legge til gjøremål.
